[2026-02-18T20:15:23.992339800Z ERROR cargo_build_sbf] Can't get home directory path: environment variable not found
